// Vitest Snapshot v1, https://vitest.dev/guide/snapshot.html

exports[`TopTodo component > matches snapshot 1`] = `
<div>
  <div
    class="TopTodo"
  >
    <div
      class="Todo"
      id="1"
    >
      <div
        class="Todo-title"
      >
        <b>
          Test1
        </b>
        <small>
          (priority: 
          1
          )
        </small>
      </div>
      <div>
        <small>
          Test1 Descr
        </small>
      </div>
    </div>
  </div>
</div>
`;
